[demo.zeanex.com/markerlessWebAR/index.html]
[demo.zeanex.com/markerlessWebAR/admin/images/fav.png]
[backblue.gif]
[fade.gif]
[index.html]
[maxcdn.bootstrapcdn.com/bootstrap/3.4.1/css/bootstrap.min.css]
[ajax.googleapis.com/ajax/libs/jquery/3.4.1/jquery.min.js]
[maxcdn.bootstrapcdn.com/bootstrap/3.4.1/js/bootstrap.min.js]
[unpkg.com/@google/model-viewer@0.10.0/dist/model-viewer.js]
[code.jquery.com/jquery-1.11.1.min.js]
[demo.zeanex.com/markerlessWebAR/admin/index.html]
[unpkg.com/@google/model-viewer@0.10.0/dist/model-viewer-legacy.js]
[demo.zeanex.com/markerlessWebAR/index.html]
[maxcdn.bootstrapcdn.com/bootstrap/3.4.1/css/bootstrap.min.css]
[demo.zeanex.com/markerlessWebAR/style.css]
[stackpath.bootstrapcdn.com/bootstrap/4.3.1/css/bootstrap.min.css]
[cdnjs.cloudflare.com/ajax/libs/font-awesome/4.7.0/css/font-awesome.min.css]
[demo.zeanex.com/markerlessWebAR/admin/index.html]
[demo.zeanex.com/markerlessWebAR/admin/androidModels/plant.html]
[demo.zeanex.com/markerlessWebAR/admin/androidModels/MSAR3 (1).html]
[demo.zeanex.com/markerlessWebAR/admin/androidModels/115.html]
[demo.zeanex.com/markerlessWebAR/admin/androidModels/113.html]
[demo.zeanex.com/markerlessWebAR/admin/androidModels/tiger glb.html]
[demo.zeanex.com/markerlessWebAR/admin/androidModels/112.html]
[demo.zeanex.com/markerlessWebAR/admin/androidModels/tiger 333!.html]
[demo.zeanex.com/markerlessWebAR/admin/androidModels/11.html]
[demo.zeanex.com/markerlessWebAR/admin/androidModels/try06.html]
[demo.zeanex.com/markerlessWebAR/admin/androidModels/f1.html]
[demo.zeanex.com/markerlessWebAR/admin/androidModels/falcon.html]
[demo.zeanex.com/markerlessWebAR/admin/androidModels/boat.html]
[demo.zeanex.com/markerlessWebAR/admin/androidModels/jet.html]
[demo.zeanex.com/markerlessWebAR/admin/androidModels/house.html]
[demo.zeanex.com/markerlessWebAR/admin/apple-touch-icon.html]
[stackpath.bootstrapcdn.com/bootstrap/4.3.1/css/bootstrap.min.css]
[fast.fonts.net/cssapi/175a63a1-3f26-476a-ab32-4e21cbdb8be2.html]
[demo.zeanex.com/markerlessWebAR/admin/bower_components/select2/dist/css/select2.min.css]
[demo.zeanex.com/markerlessWebAR/admin/bower_components/bootstrap-daterangepicker/daterangepicker.css]
[demo.zeanex.com/markerlessWebAR/admin/bower_components/dropzone/dist/dropzone.css]
[demo.zeanex.com/markerlessWebAR/admin/bower_components/datatables.net-bs/css/dataTables.bootstrap.min.css]
[demo.zeanex.com/markerlessWebAR/admin/bower_components/fullcalendar/dist/fullcalendar.min.css]
[demo.zeanex.com/markerlessWebAR/admin/bower_components/perfect-scrollbar/css/perfect-scrollbar.min.css]
[cdnjs.cloudflare.com/ajax/libs/font-awesome/4.7.0/css/font-awesome.min.css]
[demo.zeanex.com/markerlessWebAR/admin/img/bg-pattern2.png]
[demo.zeanex.com/markerlessWebAR/admin/img/bg-pattern.png]
[demo.zeanex.com/markerlessWebAR/admin/css/mainae04.css]
